  Determining projects to restore...
  All projects are up-to-date for restore.
c:\GitHub\QLS\QLS-Backend\Services\LgService\MachineDetailService.cs(35,17): error CS0117: 'Machine' does not contain a definition for 'StoreId' [c:\GitHub\QLS\QLS-Backend\QLS.Backend.csproj]
c:\GitHub\QLS\QLS-Backend\Controllers\Store\StoreSettingsController.cs(36,54): error CS1061: 'AppDbContext' does not contain a definition for 'StoreSettings' and no accessible extension method 'StoreSettings' accepting a first argument of type 'AppDbContext' could be found (are you missing a using directive or an assembly reference?) [c:\GitHub\QLS\QLS-Backend\QLS.Backend.csproj]
c:\GitHub\QLS\QLS-Backend\Controllers\Store\StoreSettingsController.cs(42,42): error CS0246: The type or namespace name 'StoreSetting' could not be found (are you missing a using directive or an assembly reference?) [c:\GitHub\QLS\QLS-Backend\QLS.Backend.csproj]
c:\GitHub\QLS\QLS-Backend\Controllers\Store\StoreSettingsController.cs(51,30): error CS1061: 'AppDbContext' does not contain a definition for 'StoreSettings' and no accessible extension method 'StoreSettings' accepting a first argument of type 'AppDbContext' could be found (are you missing a using directive or an assembly reference?) [c:\GitHub\QLS\QLS-Backend\QLS.Backend.csproj]
c:\GitHub\QLS\QLS-Backend\Controllers\Store\StoreSettingsController.cs(64,30): error CS1061: 'AppDbContext' does not contain a definition for 'StoreSettings' and no accessible extension method 'StoreSettings' accepting a first argument of type 'AppDbContext' could be found (are you missing a using directive or an assembly reference?) [c:\GitHub\QLS\QLS-Backend\QLS.Backend.csproj]
c:\GitHub\QLS\QLS-Backend\Services\Machine\DryerService.cs(25,42): error CS1061: 'AppDbContext' does not contain a definition for 'StoreSettings' and no accessible extension method 'StoreSettings' accepting a first argument of type 'AppDbContext' could be found (are you missing a using directive or an assembly reference?) [c:\GitHub\QLS\QLS-Backend\QLS.Backend.csproj]
c:\GitHub\QLS\QLS-Backend\Services\Machine\DryerService.cs(43,35): error CS0019: Operator '==' cannot be applied to operands of type 'Guid' and 'string' [c:\GitHub\QLS\QLS-Backend\QLS.Backend.csproj]
c:\GitHub\QLS\QLS-Backend\Controllers\Store\StoreSettingsController.cs(83,42): error CS1061: 'AppDbContext' does not contain a definition for 'StoreSettings' and no accessible extension method 'StoreSettings' accepting a first argument of type 'AppDbContext' could be found (are you missing a using directive or an assembly reference?) [c:\GitHub\QLS\QLS-Backend\QLS.Backend.csproj]
c:\GitHub\QLS\QLS-Backend\Services\Machine\DryerService.cs(83,17): error CS0117: 'MachineSession' does not contain a definition for 'StoreId' [c:\GitHub\QLS\QLS-Backend\QLS.Backend.csproj]
c:\GitHub\QLS\QLS-Backend\Services\Machine\DryerService.cs(85,29): error CS0029: Cannot implicitly convert type 'string' to 'System.Guid' [c:\GitHub\QLS\QLS-Backend\QLS.Backend.csproj]

Build FAILED.

c:\GitHub\QLS\QLS-Backend\Services\LgService\MachineDetailService.cs(35,17): error CS0117: 'Machine' does not contain a definition for 'StoreId' [c:\GitHub\QLS\QLS-Backend\QLS.Backend.csproj]
c:\GitHub\QLS\QLS-Backend\Controllers\Store\StoreSettingsController.cs(36,54): error CS1061: 'AppDbContext' does not contain a definition for 'StoreSettings' and no accessible extension method 'StoreSettings' accepting a first argument of type 'AppDbContext' could be found (are you missing a using directive or an assembly reference?) [c:\GitHub\QLS\QLS-Backend\QLS.Backend.csproj]
c:\GitHub\QLS\QLS-Backend\Controllers\Store\StoreSettingsController.cs(42,42): error CS0246: The type or namespace name 'StoreSetting' could not be found (are you missing a using directive or an assembly reference?) [c:\GitHub\QLS\QLS-Backend\QLS.Backend.csproj]
c:\GitHub\QLS\QLS-Backend\Controllers\Store\StoreSettingsController.cs(51,30): error CS1061: 'AppDbContext' does not contain a definition for 'StoreSettings' and no accessible extension method 'StoreSettings' accepting a first argument of type 'AppDbContext' could be found (are you missing a using directive or an assembly reference?) [c:\GitHub\QLS\QLS-Backend\QLS.Backend.csproj]
c:\GitHub\QLS\QLS-Backend\Controllers\Store\StoreSettingsController.cs(64,30): error CS1061: 'AppDbContext' does not contain a definition for 'StoreSettings' and no accessible extension method 'StoreSettings' accepting a first argument of type 'AppDbContext' could be found (are you missing a using directive or an assembly reference?) [c:\GitHub\QLS\QLS-Backend\QLS.Backend.csproj]
c:\GitHub\QLS\QLS-Backend\Services\Machine\DryerService.cs(25,42): error CS1061: 'AppDbContext' does not contain a definition for 'StoreSettings' and no accessible extension method 'StoreSettings' accepting a first argument of type 'AppDbContext' could be found (are you missing a using directive or an assembly reference?) [c:\GitHub\QLS\QLS-Backend\QLS.Backend.csproj]
c:\GitHub\QLS\QLS-Backend\Services\Machine\DryerService.cs(43,35): error CS0019: Operator '==' cannot be applied to operands of type 'Guid' and 'string' [c:\GitHub\QLS\QLS-Backend\QLS.Backend.csproj]
c:\GitHub\QLS\QLS-Backend\Controllers\Store\StoreSettingsController.cs(83,42): error CS1061: 'AppDbContext' does not contain a definition for 'StoreSettings' and no accessible extension method 'StoreSettings' accepting a first argument of type 'AppDbContext' could be found (are you missing a using directive or an assembly reference?) [c:\GitHub\QLS\QLS-Backend\QLS.Backend.csproj]
c:\GitHub\QLS\QLS-Backend\Services\Machine\DryerService.cs(83,17): error CS0117: 'MachineSession' does not contain a definition for 'StoreId' [c:\GitHub\QLS\QLS-Backend\QLS.Backend.csproj]
c:\GitHub\QLS\QLS-Backend\Services\Machine\DryerService.cs(85,29): error CS0029: Cannot implicitly convert type 'string' to 'System.Guid' [c:\GitHub\QLS\QLS-Backend\QLS.Backend.csproj]
    0 Warning(s)
    10 Error(s)

Time Elapsed 00:00:01.21
